// Jest Snapshot v1, https://goo.gl/fbAQLP

exports[`testing the component add category should show the right path 1`] = `
<form
  onSubmit={[Function]}
>
  <input
    onChange={[Function]}
    type="text"
    value=""
  />
</form>
`;
